// Jest Snapshot v1, https://goo.gl/fbAQLP

exports[`<OpportunityList /> should render 1`] = `
.emotion-13 {
  display: -webkit-box;
  display: -webkit-flex;
  display: -ms-flexbox;
  display: flex;
  -webkit-flex-direction: column;
  -ms-flex-direction: column;
  flex-direction: column;
  -webkit-align-items: center;
  -webkit-box-align: center;
  -ms-flex-align: center;
  align-items: center;
  -webkit-box-pack: center;
  -webkit-justify-content: center;
  -ms-flex-pack: center;
  justify-content: center;
}

.emotion-12 {
  display: -webkit-box;
  display: -webkit-flex;
  display: -ms-flexbox;
  display: flex;
  -webkit-flex-direction: row;
  -ms-flex-direction: row;
  flex-direction: row;
  -webkit-align-items: center;
  -webkit-box-align: center;
  -ms-flex-align: center;
  align-items: center;
  -webkit-box-pack: center;
  -webkit-justify-content: center;
  -ms-flex-pack: center;
  justify-content: center;
  border-radius: 4px;
  box-shadow: 0 2px 4px 0 rgba(0,0,0,0.05);
  background-color: #ffffff;
  padding: 1rem;
  width: 100%;
}

.emotion-11 {
  display: -webkit-box;
  display: -webkit-flex;
  display: -ms-flexbox;
  display: flex;
  -webkit-flex-direction: row;
  -ms-flex-direction: row;
  flex-direction: row;
  -webkit-align-items: center;
  -webkit-box-align: center;
  -ms-flex-align: center;
  align-items: center;
  -webkit-box-pack: center;
  -webkit-justify-content: center;
  -ms-flex-pack: center;
  justify-content: center;
  -webkit-flex: 6;
  -ms-flex: 6;
  flex: 6;
}

.emotion-0 {
  display: -webkit-box;
  display: -webkit-flex;
  display: -ms-flexbox;
  display: flex;
  -webkit-flex-direction: row;
  -ms-flex-direction: row;
  flex-direction: row;
  -webkit-align-items: center;
  -webkit-box-align: center;
  -ms-flex-align: center;
  align-items: center;
  -webkit-box-pack: center;
  -webkit-justify-content: center;
  -ms-flex-pack: center;
  justify-content: center;
  -webkit-flex: 1;
  -ms-flex: 1;
  flex: 1;
}

.emotion-0 img {
  max-width: 100%;
  max-height: 100%;
}

.emotion-10 {
  display: -webkit-box;
  display: -webkit-flex;
  display: -ms-flexbox;
  display: flex;
  -webkit-flex-direction: column;
  -ms-flex-direction: column;
  flex-direction: column;
  -webkit-flex: 5;
  -ms-flex: 5;
  flex: 5;
  padding-left: 1rem;
}

.emotion-3 {
  display: -webkit-box;
  display: -webkit-flex;
  display: -ms-flexbox;
  display: flex;
  sflex-direction: row;
}

.emotion-1 {
  font-weight: 500;
  font-size: 22px;
  color: #000066;
  -webkit-flex: 1;
  -ms-flex: 1;
  flex: 1;
}

.emotion-2 {
  font-size: 16px;
  font-weight: 400;
  color: #2D2D2D;
  margin: 0;
  color: #2D2D2D;
  font-weight: 400;
  -webkit-flex: 1;
  -ms-flex: 1;
  flex: 1;
  text-align: end;
}

.emotion-4 {
  font-size: 16px;
  font-weight: 400;
  color: #2D2D2D;
  margin: 0;
  font-weight: 400;
  color: #9C9C9C;
}

.emotion-9 {
  display: -webkit-box;
  display: -webkit-flex;
  display: -ms-flexbox;
  display: flex;
  -webkit-flex-direction: row;
  -ms-flex-direction: row;
  flex-direction: row;
  -webkit-box-pack: justify;
  -webkit-justify-content: space-between;
  -ms-flex-pack: justify;
  justify-content: space-between;
  -webkit-align-items: center;
  -webkit-box-align: center;
  -ms-flex-align: center;
  align-items: center;
}

.emotion-5 {
  font-size: 16px;
  font-weight: 400;
  color: #2D2D2D;
  margin: 0;
  font-weight: 400;
  color: #2D2D2D;
  margin-top: 1rem;
}

.emotion-8 {
  display: -webkit-box;
  display: -webkit-flex;
  display: -ms-flexbox;
  display: flex;
  -webkit-flex-direction: row;
  -ms-flex-direction: row;
  flex-direction: row;
  -webkit-align-items: center;
  -webkit-box-align: center;
  -ms-flex-align: center;
  align-items: center;
  -webkit-box-pack: center;
  -webkit-justify-content: center;
  -ms-flex-pack: center;
  justify-content: center;
  padding: 5px 10px;
  border: 2px solid #000066;
  border-radius: 5px;
  cursor: pointer;
}

.emotion-6 {
  height: 1.5rem;
  fill: #000066;
}

.emotion-7 {
  font-size: 16px;
  font-weight: 300;
  font-size: 18px;
  font-weight: 400;
  margin-bottom: 0;
  margin-left: 10px;
  color: #000066;
}

<div
  class="emotion-13"
>
  <div
    class="emotion-12"
  >
    <div
      class="emotion-11"
    >
      <div
        class="emotion-0"
      >
        <img
          alt="universityLogo"
          height="150"
          src="https://storage.googleapis.com/ignitus_assets/ig-avatars/eugene.png"
        />
      </div>
      <div
        class="emotion-10"
      >
        <div
          class="emotion-3"
        >
          <h3
            class="emotion-1"
          >
            PHD Project
          </h3>
          <p
            class="emotion-2"
          >
            Posted 1 Month ago.
          </p>
        </div>
        <p
          class="emotion-4"
        >
          Full Time | Munich, Germany 
          <span
            aria-label="flag"
            role="img"
          >
            🇩🇪
          </span>
        </p>
        <div
          class="emotion-9"
        >
          <p
            class="emotion-5"
          >
             We are looking for a Python engineer to join our SEO team in Munich and drive organic user acquisition of Ignitus.
          </p>
          <div
            class="emotion-8"
          >
            <svg
              aria-label="Apply Icon"
              class="emotion-6"
              viewBox="0 0 24 24"
              xmlns="http://www.w3.org/2000/svg"
            >
              <title>
                Apply Icon
              </title>
              <path
                d="M0 0h24v24H0V0z"
                fill="none"
              />
              <path
                d="M18 19H6c-.55 0-1-.45-1-1V6c0-.55.45-1 1-1h5c.55 0 1-.45 1-1s-.45-1-1-1H5c-1.11 0-2 .9-2 2v14c0 1.1.9 2 2 2h14c1.1 0 2-.9 2-2v-6c0-.55-.45-1-1-1s-1 .45-1 1v5c0 .55-.45 1-1 1zM14 4c0 .55.45 1 1 1h2.59l-9.13 9.13c-.39.39-.39 1.02 0 1.41.39.39 1.02.39 1.41 0L19 6.41V9c0 .55.45 1 1 1s1-.45 1-1V3h-6c-.55 0-1 .45-1 1z"
              />
            </svg>
            <p
              class="emotion-7"
            >
              Apply
            </p>
          </div>
        </div>
      </div>
    </div>
  </div>
</div>
`;
