// Jest Snapshot v1, https://goo.gl/fbAQLP

exports[`should rendered 1`] = `
.emotion-1 {
  border-bottom: 1px solid #E0E0E0;
  color: #000066;
  cursor: pointer;
  font-size: 18px;
  font-weight: 400;
  padding: 1rem 0;
  width: 100%;
  margin-top: none;
  margin-bottom: none;
}

.emotion-1 .NavDropdown {
  display: -webkit-box;
  display: -webkit-flex;
  display: -ms-flexbox;
  display: flex;
  -webkit-align-items: center;
  -webkit-box-align: center;
  -ms-flex-align: center;
  align-items: center;
  -webkit-box-pack: center;
  -webkit-justify-content: center;
  -ms-flex-pack: center;
  justify-content: center;
}

.emotion-1:hover {
  background-color: #000066;
  color: #ffffff;
}

.emotion-1:hover p {
  color: #ffffff;
}

.emotion-0 {
  font-size: 16px;
  font-weight: 400;
  color: #000066;
  margin: 0;
}

<div
  class="emotion-1"
>
  <p
    class="emotion-0"
    color="#000066"
  >
    Text
  </p>
</div>
`;
