// Jest Snapshot v1, https://goo.gl/fbAQLP

exports[`should render 1`] = `
<div
  class="css-o5m53g-Container e4rsefi0"
>
  <div
    class="css-6yrc38-NavigationHeading e4rsefi2"
  >
    <svg
      aria-label="Student Icon"
      class="css-1kbib9z-Icon e4rsefi3"
      fill="none"
      height="24"
      viewBox="0 0 24 24"
      width="24"
      xmlns="http://www.w3.org/2000/svg"
    >
      <title>
        Student Icon
      </title>
      <path
        d="M9 11.75a1.25 1.25 0 100 2.5 1.25 1.25 0 000-2.5zm6 0a1.25 1.25 0 100 2.5 1.25 1.25 0 000-2.5zM12 2C6.48 2 2 6.48 2 12s4.48 10 10 10 10-4.48 10-10S17.52 2 12 2zm0 18c-4.41 0-8-3.59-8-8 0-.29.02-.58.05-.86 2.36-1.05 4.23-2.98 5.21-5.37a9.974 9.974 0 0010.41 3.97c.21.71.33 1.47.33 2.26 0 4.41-3.59 8-8 8z"
        fill="#006"
      />
    </svg>
    name
    <svg
      aria-label="FilledArrowDownIcon"
      class="css-1kbib9z-Icon e4rsefi3"
      role="img"
      viewBox="0 0 24 24"
      xmlns="http://www.w3.org/2000/svg"
    >
      <title>
        FilledArrowDownIcon
      </title>
      <path
        d="M0 0h24v24H0V0z"
        fill="none"
      />
      <path
        d="M8.71 11.71l2.59 2.59c.39.39 1.02.39 1.41 0l2.59-2.59c.63-.63.18-1.71-.71-1.71H9.41c-.89 0-1.33 1.08-.7 1.71z"
      />
    </svg>
  </div>
</div>
`;
